// Jest Snapshot v1, https://goo.gl/fbAQLP

exports[`<Container /> Renders with children 1`] = `
.c0 {
  max-width: 1280px;
  padding: 0 1.5rem;
  margin: auto;
}

<main
  class="c0"
>
  Children
</main>
`;
