// Jest Snapshot v1, https://goo.gl/fbAQLP

exports[`<Button /> Renders with children 1`] = `
.c0 {
  -webkit-transition: background 0.3s cubic-bezier(0.4,0,0.2,1);
  transition: background 0.3s cubic-bezier(0.4,0,0.2,1);
  display: -webkit-box;
  display: -webkit-flex;
  display: -ms-flexbox;
  display: flex;
  -webkit-box-pack: center;
  -webkit-justify-content: center;
  -ms-flex-pack: center;
  justify-content: center;
  -webkit-align-items: center;
  -webkit-box-align: center;
  -ms-flex-align: center;
  align-items: center;
  padding: 0 1.5rem;
  height: 2.5rem;
  border: none;
  border-radius: 0.35rem;
  background: #F43F5E;
  color: #fff;
  font-size: 0.85rem;
  font-weight: 600;
  cursor: pointer;
}

.c0:hover {
  background: #f10f36;
}

.c0:active {
  background: #c20b2a;
}

<button
  class="c0"
>
  Children
</button>
`;
