// Jest Snapshot v1, https://goo.gl/fbAQLP

exports[`<Button /> Renders with children 1`] = `
.c0 {
  font-size: 3rem;
  line-height: 1;
  font-weight: 900;
  margin: 0;
}

@media (max-width:450px) {
  .c0 {
    font-size: 2.4rem;
  }
}

<h1
  class="c0"
>
  Children
</h1>
`;
