// Jest Snapshot v1, https://goo.gl/fbAQLP

exports[`<Layout /> Renders with children 1`] = `
.c0 {
  display: -webkit-box;
  display: -webkit-flex;
  display: -ms-flexbox;
  display: flex;
  -webkit-flex-direction: column;
  -ms-flex-direction: column;
  flex-direction: column;
  height: 100vh;
}

@media (min-width:768px) {
  .c0 {
    -webkit-flex-direction: row;
    -ms-flex-direction: row;
    flex-direction: row;
  }
}

<main
  class="c0"
>
  Children
</main>
`;
