// Jest Snapshot v1, https://goo.gl/fbAQLP

exports[`<Section /> should matches snapshot 1`] = `
<section
  class="my-20"
>
  Children
</section>
`;
