// Jest Snapshot v1, https://goo.gl/fbAQLP

exports[`<Container /> should matches snapshot 1`] = `
<main
  class="max-w-screen-xl px-6 mx-auto"
>
  Children
</main>
`;
