// Jest Snapshot v1, https://goo.gl/fbAQLP

exports[`<Heading /> should matches snapshot 1`] = `
<h1
  class="m-0 font-bold leading-4 text-neutral-50 text-5xl"
>
  Children
</h1>
`;
